// Jest Snapshot v1, https://goo.gl/fbAQLP

exports[`matches snapshot 1`] = `
<DocumentFragment>
  <div
    class="Box"
    style="background-color: red; width: 100px; height: 100px; position: absolute;"
  >
    <button
      style="margin: 0% 0% 0% 100%;"
    >
      X
    </button>
  </div>
</DocumentFragment>
`;
